$ (cwd=<repo>/tmp/p0/main-src/apps/yishan-api/src/modules/demo) <repo>/tmp/p0/main-src/apps/yishan-api/node_modules/.bin/drizzle-kit --config=./drizzle.config.ts migrate
Reading config file '<repo>\tmp\p0\main-src\apps\yishan-api\src\modules\demo\drizzle.config.ts'
[✓] migrations applied successfully!EXIT=0
$ (cwd=<repo>/tmp/p0/main-src/apps/yishan-api) node dist/scripts/seed/index.js
========== yishan seed 编排开始 ==========
Step 1/2: core migrate + seed
[seed] drizzle-kit migrate
No config path provided, using default 'drizzle.config.ts'
Reading config file '<repo>\tmp\p0\main-src\apps\yishan-api\drizzle.config.ts'
[✓] migrations applied successfully![seed] core migrate 完成
管理员用户创建成功: {
  id: 1,
  username: 'admin',
  email: 'admin@yishan.com',
  realName: '愚公',
  nickname: '超级管理员'
}
管理员账号已创建: admin
系统默认角色已准备: { superAdmin: '超级管理员', normalAdmin: '普通管理员' }
开始创建树形部门结构...
树形部门结构创建完成
岗位数据创建完成
系统菜单结构创建完成
角色-菜单默认绑定完成: { superAdmin: 16, admin: 14 }
系统字典数据创建完成
系统参数初始化完成
省市区数据导入完成: 3429 条
  core seed 完成
Step 2/2: module migrate + seed (onboard-modules)
发现 1 个模块：demo
开始按模块执行 migrate → seed → 菜单追加 ...

=== 模块 demo ===
  [1/3 migrate] OK  迁移完成，新增 1 条 journal 记录
[seed] seedDemo: enter
[seed] seedDemo: creatorId=1
demo seed: 菜单已写入（递归铺平自 ./config/system-menu.json）
  [2/3 seed]    OK  seed 完成
  [3/3 menu]    OK  菜单由模块 seed.ts 负责

[sync] 同步 sys_module 行（loader.syncModulesFromDiskPure）...
[sync] sys_module 完成：inserted=1 updated=0

=== 汇总 ===
  [OK] demo: migrate=ok  seed=ok  menu=ok
========== yishan seed 编排完成 ==========
EXIT=0
---- main smoke DB
## tables (28)
  __meta: 1 -> __drizzle_migrations
  demo: 1 -> demo_todos
  sys: 26 -> sys_api_token, sys_app, sys_app_menu, sys_app_resource, sys_attachment, sys_attachment_folder, sys_dept, sys_dict_data, sys_dict_type, sys_form_data, sys_form_field, sys_login_log, sys_menu, sys_menu_permission, sys_module, sys_module_migration, sys_option, sys_post, sys_region, sys_role, sys_role_menu, sys_role_permission, sys_user, sys_user_dept, sys_user_role, sys_user_token
## __drizzle_migrations columns: id, hash, created_at
## __drizzle_migrations rows (2)
  id=1 created_at=1784622315878 (2026-07-21T08:25:15.878Z) hash=f8f697fec267… -> demo/0000_init when=1784622315878 (2026-07-21T08:25:15.878Z)
  id=2 created_at=1791451941979 (2026-10-08T09:32:21.979Z) hash=e222dffa6be3… -> core/0000_colorful_namor when=1791451941979 (2026-10-08T09:32:21.979Z)
## sys_module_migration rows (1)
  {"id":1,"module_id":"demo","hash":"0000_init"}
## sys_module rows (1)
  {"id":"demo","name":"demo","table_prefix":"demo_","version":"0.0.0","enabled":1}
