$ (cwd=<repo>/apps/yishan-api) node dist/scripts/seed/index.js
========== yishan seed 编排开始 ==========
Step 1/2: core migrate + seed
[seed] drizzle-kit migrate
No config path provided, using default 'drizzle.config.ts'
Reading config file '<repo>\apps\yishan-api\drizzle.config.ts'
[✓] migrations applied successfully![seed] core migrate 完成
管理员用户创建成功: {
  id: 1,
  username: 'admin',
  email: 'admin@yishan.com',
  realName: '愚公',
  nickname: '超级管理员'
}
管理员账号已创建: admin
系统默认角色已准备: { superAdmin: '超级管理员', normalAdmin: '普通管理员' }
开始创建树形部门结构...
树形部门结构创建完成
岗位数据创建完成
系统菜单结构创建完成
角色-菜单默认绑定完成: { superAdmin: 16, admin: 14 }
系统字典数据创建完成
系统参数初始化完成
省市区数据导入完成: 3429 条
  core seed 完成
Step 2/2: module migrate + seed (onboard-modules)
[onboard] 跳过 crm：meta.enabled=false
发现 3 个模块：demo, portal, shop
开始按模块执行 migrate → seed → 菜单追加 ...

=== 模块 demo ===
  [1/3 migrate] OK  迁移完成，新增 1 条 journal 记录
[seed] seedDemo: enter
[seed] seedDemo: creatorId=1
demo seed: 菜单已写入（递归铺平自 ./config/system-menu.json）
  [2/3 seed]    OK  seed 完成
  [3/3 menu]    OK  菜单由模块 seed.ts 负责

=== 模块 portal ===
  [1/3 migrate] OK  迁移完成（journal 已全部记录）
  [2/3 seed]    FAIL  seed 异常: Failed query: select `id` from `portal_categories` where `portal_categories`.`slug` = ? limit ?
params: news,1
  [3/3 menu]    OK  菜单由模块 seed.ts 负责

=== 模块 shop ===
  [1/3 migrate] OK  迁移完成（journal 已全部记录）
  [2/3 seed]    OK  seed 完成
  [3/3 menu]    OK  菜单由模块 seed.ts 负责

[sync] 同步 sys_module 行（loader.syncModulesFromDiskPure）...
[sync] sys_module 完成：inserted=3 updated=0

=== 汇总 ===
  [OK] demo: migrate=ok  seed=ok  menu=ok
  [FAIL] portal: migrate=ok  seed=fail  menu=ok
  [OK] shop: migrate=ok  seed=ok  menu=ok
(node:12240) Warning: Failed to load the ES module: <repo>\apps\yishan-api\src\modules\crm\module.ts. Make sure to set "type": "module" in the nearest package.json file or use the .mjs extension.
(Use `node --trace-warnings ...` to show where the warning was created)
[seed] 异常退出: Error: onboard-modules 退出码 1
    at runSeed (<repo>\apps\yishan-api\dist\scripts\seed\index.js:127:15)
    at process.processTicksAndRejections (node:internal/process/task_queues:103:5)
EXIT=1
---- after db:seed with shim (run 1)
## tables (28)
  __meta: 1 -> __drizzle_migrations
  sys: 27 -> sys_api_token, sys_app, sys_app_menu, sys_app_resource, sys_attachment, sys_attachment_folder, sys_dept, sys_dict_data, sys_dict_type, sys_enum, sys_form_data, sys_form_field, sys_login_log, sys_menu, sys_menu_permission, sys_module, sys_module_migration, sys_option, sys_post, sys_region, sys_role, sys_role_menu, sys_role_permission, sys_user, sys_user_dept, sys_user_role, sys_user_token
## __drizzle_migrations columns: id, hash, created_at
## __drizzle_migrations rows (2)
  id=1 created_at=1787238284270 (2026-08-20T15:04:44.270Z) hash=0068524c1db6… -> core/0000_init when=1787238284270 (2026-08-20T15:04:44.270Z)
  id=2 created_at=1788881192896 (2026-09-08T15:26:32.896Z) hash=307d0ebe081d… -> core/0002_init when=1788881192896 (2026-09-08T15:26:32.896Z)
## sys_module_migration rows (1)
  {"id":1,"module_id":"demo","hash":"0000_init"}
## sys_module rows (3)
  {"id":"demo","name":"demo","table_prefix":"demo_","version":"0.0.0","enabled":1}
  {"id":"portal","name":"portal","table_prefix":"portal_","version":"0.0.0","enabled":1}
  {"id":"shop","name":"shop","table_prefix":"shop_","version":"0.0.0","enabled":1}
